shavu@DESKTOP-AT5VQ3F MINGW64 ~/Desktop/KeyPair
$ ls
KeyPair.pem  newRepo/

shavu@DESKTOP-AT5VQ3F MINGW64 ~/Desktop/KeyPair
$ git branch
fatal: not a git repository (or any of the parent directories): .git

shavu@DESKTOP-AT5VQ3F MINGW64 ~/Desktop/KeyPair
$ cd newRepo/

shavu@DESKTOP-AT5VQ3F MINGW64 ~/Desktop/KeyPair/newRepo (master)
$ ls
Repo/

shavu@DESKTOP-AT5VQ3F MINGW64 ~/Desktop/KeyPair/newRepo (master)
$ git branch
* master

shavu@DESKTOP-AT5VQ3F MINGW64 ~/Desktop/KeyPair/newRepo (master)
$ git branch devBranch

shavu@DESKTOP-AT5VQ3F MINGW64 ~/Desktop/KeyPair/newRepo (master)
$ git branch
  devBranch
* master

shavu@DESKTOP-AT5VQ3F MINGW64 ~/Desktop/KeyPair/newRepo (master)
$ git checkout devBranch
Switched to branch 'devBranch'
D       src/Factorial.java

shavu@DESKTOP-AT5VQ3F MINGW64 ~/Desktop/KeyPair/newRepo (devBranch)
$ ls
Repo/

shavu@DESKTOP-AT5VQ3F MINGW64 ~/Desktop/KeyPair/newRepo (devBranch)
$ cd ..

shavu@DESKTOP-AT5VQ3F MINGW64 ~/Desktop/KeyPair
$ ls
KeyPair.pem  newRepo/

shavu@DESKTOP-AT5VQ3F MINGW64 ~/Desktop/KeyPair
$ git branch
fatal: not a git repository (or any of the parent directories): .git

shavu@DESKTOP-AT5VQ3F MINGW64 ~/Desktop/KeyPair
$ cd newRepo/

shavu@DESKTOP-AT5VQ3F MINGW64 ~/Desktop/KeyPair/newRepo (devBranch)
$ git branch releaseBranch

shavu@DESKTOP-AT5VQ3F MINGW64 ~/Desktop/KeyPair/newRepo (devBranch)
$ git branch bugBranch

shavu@DESKTOP-AT5VQ3F MINGW64 ~/Desktop/KeyPair/newRepo (devBranch)
$ git branch
  bugBranch
* devBranch
  master
  releaseBranch

shavu@DESKTOP-AT5VQ3F MINGW64 ~/Desktop/KeyPair/newRepo (devBranch)
$ git checkout master
Switched to branch 'master'
D       src/Factorial.java
Your branch is up to date with 'origin/master'.

shavu@DESKTOP-AT5VQ3F MINGW64 ~/Desktop/KeyPair/newRepo (master)
$ git branch
  bugBranch
  devBranch
* master
  releaseBranch

shavu@DESKTOP-AT5VQ3F MINGW64 ~/Desktop/KeyPair/newRepo (master)
$ git status
On branch master
Your branch is up to date with 'origin/master'.

Changes not staged for commit:
  (use "git add/rm <file>..." to update what will be committed)
  (use "git restore <file>..." to discard changes in working directory)
        deleted:    src/Factorial.java

no changes added to commit (use "git add" and/or "git commit -a")

shavu@DESKTOP-AT5VQ3F MINGW64 ~/Desktop/KeyPair/newRepo (master)
$ git add *

shavu@DESKTOP-AT5VQ3F MINGW64 ~/Desktop/KeyPair/newRepo (master)
$ git status
On branch master
Your branch is up to date with 'origin/master'.

Changes not staged for commit:
  (use "git add/rm <file>..." to update what will be committed)
  (use "git restore <file>..." to discard changes in working directory)
        deleted:    src/Factorial.java

no changes added to commit (use "git add" and/or "git commit -a")

shavu@DESKTOP-AT5VQ3F MINGW64 ~/Desktop/KeyPair/newRepo (master)
$ git commit -m "adding branches"
Author identity unknown

*** Please tell me who you are.

Run

  git config --global user.email "you@example.com"
  git config --global user.name "Your Name"

to set your account's default identity.
Omit --global to set the identity only in this repository.

fatal: unable to auto-detect email address (got 'shavu@DESKTOP-AT5VQ3F.(none)')

shavu@DESKTOP-AT5VQ3F MINGW64 ~/Desktop/KeyPair/newRepo (master)
$   git config --global user.email "shivakumarreddy249@gmail.com"

shavu@DESKTOP-AT5VQ3F MINGW64 ~/Desktop/KeyPair/newRepo (master)
$   git config --global user.name "Shiva7899"

shavu@DESKTOP-AT5VQ3F MINGW64 ~/Desktop/KeyPair/newRepo (master)
$ git commit -m "adding branches"
On branch master
Your branch is up to date with 'origin/master'.

Changes not staged for commit:
  (use "git add/rm <file>..." to update what will be committed)
  (use "git restore <file>..." to discard changes in working directory)
        deleted:    src/Factorial.java

no changes added to commit (use "git add" and/or "git commit -a")

shavu@DESKTOP-AT5VQ3F MINGW64 ~/Desktop/KeyPair/newRepo (master)
$   git config --global user.email shivakumarreddy249@gmail.com

shavu@DESKTOP-AT5VQ3F MINGW64 ~/Desktop/KeyPair/newRepo (master)
$   git config --global user.name Shiva7899

shavu@DESKTOP-AT5VQ3F MINGW64 ~/Desktop/KeyPair/newRepo (master)
$ git push
Everything up-to-date

shavu@DESKTOP-AT5VQ3F MINGW64 ~/Desktop/KeyPair/newRepo (master)
$ git push origin
Everything up-to-date

shavu@DESKTOP-AT5VQ3F MINGW64 ~/Desktop/KeyPair/newRepo (master)
$ ls
Repo/

shavu@DESKTOP-AT5VQ3F MINGW64 ~/Desktop/KeyPair/newRepo (master)
$ git status
On branch master
Your branch is up to date with 'origin/master'.

Changes not staged for commit:
  (use "git add/rm <file>..." to update what will be committed)
  (use "git restore <file>..." to discard changes in working directory)
        deleted:    src/Factorial.java

no changes added to commit (use "git add" and/or "git commit -a")

shavu@DESKTOP-AT5VQ3F MINGW64 ~/Desktop/KeyPair/newRepo (master)
$ git pull
Already up to date.

shavu@DESKTOP-AT5VQ3F MINGW64 ~/Desktop/KeyPair/newRepo (master)
$ git branch
  bugBranch
  devBranch
* master
  releaseBranch

shavu@DESKTOP-AT5VQ3F MINGW64 ~/Desktop/KeyPair/newRepo (master)
$ git checkout devBranch
Switched to branch 'devBranch'
D       src/Factorial.java

shavu@DESKTOP-AT5VQ3F MINGW64 ~/Desktop/KeyPair/newRepo (devBranch)
$ git push origin devBranch
Total 0 (delta 0), reused 0 (delta 0), pack-reused 0
remote:
remote: Create a pull request for 'devBranch' on GitHub by visiting:
remote:      https://github.com/Shiva7899/newRepo/pull/new/devBranch
remote:
To https://github.com/Shiva7899/newRepo.git
 * [new branch]      devBranch -> devBranch

shavu@DESKTOP-AT5VQ3F MINGW64 ~/Desktop/KeyPair/newRepo (devBranch)
$ git push origin releaseBranch bugBranch
Total 0 (delta 0), reused 0 (delta 0), pack-reused 0
To https://github.com/Shiva7899/newRepo.git
 * [new branch]      releaseBranch -> releaseBranch
 * [new branch]      bugBranch -> bugBranch

shavu@DESKTOP-AT5VQ3F MINGW64 ~/Desktop/KeyPair/newRepo (devBranch)
$ git status
On branch devBranch
Changes not staged for commit:
  (use "git add/rm <file>..." to update what will be committed)
  (use "git restore <file>..." to discard changes in working directory)
        deleted:    src/Factorial.java

no changes added to commit (use "git add" and/or "git commit -a")

shavu@DESKTOP-AT5VQ3F MINGW64 ~/Desktop/KeyPair/newRepo (devBranch)
$ ls
Repo/

shavu@DESKTOP-AT5VQ3F MINGW64 ~/Desktop/KeyPair/newRepo (devBranch)
$ git status
On branch devBranch
Untracked files:
  (use "git add <file>..." to include in what will be committed)
        build.xml

nothing added to commit but untracked files present (use "git add" to track)

shavu@DESKTOP-AT5VQ3F MINGW64 ~/Desktop/KeyPair/newRepo (devBranch)
$ git add *

shavu@DESKTOP-AT5VQ3F MINGW64 ~/Desktop/KeyPair/newRepo (devBranch)
$ git commit -m "adding to devBranch"
[devBranch 94bfa19] adding to devBranch
 1 file changed, 17 insertions(+)
 create mode 100644 build.xml

shavu@DESKTOP-AT5VQ3F MINGW64 ~/Desktop/KeyPair/newRepo (devBranch)
$ git push
fatal: The current branch devBranch has no upstream branch.
To push the current branch and set the remote as upstream, use

    git push --set-upstream origin devBranch


shavu@DESKTOP-AT5VQ3F MINGW64 ~/Desktop/KeyPair/newRepo (devBranch)
$ git push origin devBranch
Enumerating objects: 4, done.
Counting objects: 100% (4/4), done.
Delta compression using up to 4 threads
Compressing objects: 100% (3/3), done.
Writing objects: 100% (3/3), 566 bytes | 566.00 KiB/s, done.
Total 3 (delta 0), reused 0 (delta 0), pack-reused 0
To https://github.com/Shiva7899/newRepo.git
   4106626..94bfa19  devBranch -> devBranch

shavu@DESKTOP-AT5VQ3F MINGW64 ~/Desktop/KeyPair/newRepo (devBranch)
$ cd ..

shavu@DESKTOP-AT5VQ3F MINGW64 ~/Desktop/KeyPair
$ cd newRepo/

shavu@DESKTOP-AT5VQ3F MINGW64 ~/Desktop/KeyPair/newRepo (devBranch)
$ ls
Repo/  build.xml  src/

shavu@DESKTOP-AT5VQ3F MINGW64 ~/Desktop/KeyPair/newRepo (devBranch)
$ git checkout master
Switched to branch 'master'
Your branch is up to date with 'origin/master'.

shavu@DESKTOP-AT5VQ3F MINGW64 ~/Desktop/KeyPair/newRepo (master)
$ ls
Repo/  src/

shavu@DESKTOP-AT5VQ3F MINGW64 ~/Desktop/KeyPair/newRepo (master)
$
